Auditing 23 document(s) at 2000ms/request…

  [109017] ՀՀ ՀԱՐԿԱՅԻՆ ՕՐԵՆՍԳԻՐՔ … partial · 457 art. · ՀՕ-266-Ն
  [228650] ՀՀ ՀԱՐԿԱՅԻՆ ՕՐԵՆՍԳԻՐՔ … partial · 457 art. · ՀՕ-266-Ն
  [228654] ՊԵՏԱԿԱՆ ՏՈՒՐՔԻ ՄԱՍԻՆ … partial · 77 art. · ՀՕ-339-Ն
  [228232] ՏԵՂԱԿԱՆ ՏՈՒՐՔԵՐԻ ԵՎ ՎՃԱՐՆԵՐԻ ՄԱՍԻՆ … partial · 25 art. · ՀՕ-234-Ն
  [215606] ԵԿԱՄՏԱՅԻՆ ՀԱՐԿԻ, ՇԱՀՈՒԹԱՀԱՐԿԻ ԵՎ ՍՈՑ. ՎՃԱՐԻ  … partial · 19 art. · ՀՕ-209-Ն
  [178425] ԱԿՑԻԶԱՅԻՆ ՀԱՐԿՈՎ ՉՀԱՐԿՎՈՂ / ԱԱՀ-ԻՑ ԱԶԱՏՎԱԾ Ա … failed · — · ՀՕ-5-Ն
  [200966] ԱԱՀ/ԱԿՑԻԶԻ ՓՈԽՀԱՏՈՒՑՎՈՂ ԳՈՒՄԱՐՆԵՐԻ ՌԻՍԿԱՅԻՆ  … partial · 6 pts +5 ann. · no act no.
  [175466] ՈՉ ՌԵԶԻԴԵՆՏԻ ԷԼԵԿՏՐՈՆԱՅԻՆ ԾԱՌԱՅՈՒԹՅՈՒՆՆԵՐԻ Ա … partial · 10 pts +3 ann. · no act no.
  [175201] ՄԱՔՍԱՏՈՒՐՔԻ, ԱԱՀ-Ի, ԱԿՑԻԶԻ ՎՃԱՐՄԱՆ ԿԱՐԳԸ … partial · 8 pts · no act no.
  [178806] ԱԿՑԻԶԱՅԻՆ ՀԱՐԿԻ ՓՈԽՀԱՏՈՒՑՈՒՄԸ ԱՐՏԱՀԱՆՄԱՆ ԴԵՊ … partial · 21 pts +2 ann. · no act no.
  [175945] ՆԵՐՄՈՒԾՄԱՆ ՀԱՐԿԵՐԻ ՎՃԱՐՈՒՄԸ ՀԵՏԱՁԳԵԼՈՒ ԿԱՐԳԸ … partial · 43 pts +4 ann. · no act no.
  [226146] ՃԱՆԱՊԱՐՀԱՅԻՆ ՀԱՐԿ ՎՃԱՐՈՂՆԵՐԸ (ՏԱՐԱՆՑՈՒՄ) … partial · 2 pts +3 ann. · no act no.
  [175524] ԱԱՀ-Ի ԵՎ ԱԿՑԻԶԱՅԻՆ ՀԱՐԿԻ ՄԻԱՍՆԱԿԱՆ ՀԱՇՎԱՐԿԻ  … partial · 75 pts +5 ann. · no act no.
  [136993] ԱԱՀ ՎՃԱՐՈՂ ՀԱՇՎԱՌՎԵԼՈՒ ՀԱՅՏԱՐԱՐՈՒԹՅԱՆ ՁԵՎԸ … partial · 4 pts +3 ann. · no act no.
  [174166] ՈՉ ՌԵԶԻԴԵՆՏԻ ԷԼ. ԾԱՌԱՅՈՒԹՅԱՆ ԱԱՀ ՀԱՇՎԱՌՈՒՄԸ … partial · 19 pts +4 ann. · no act no.
  [223829] ԵԿԱՄՏԱՅԻՆ ՀԱՐԿԻ ԱՄՍԱԿԱՆ ՀԱՇՎԱՐԿՆԵՐԻ ՁԵՎԵՐԸ … partial · 209 pts +17 ann. · no act no.
  [201802] ՃՇՏՎԱԾ ՀԱՐԿԱՅԻՆ ՀԱՇՎԱՐԿՆԵՐԻ ՆԵՐԿԱՅԱՑՄԱՆ ԿԱՐԳ … partial · 7 pts +4 ann. · no act no.
  [194786] ՀԱՐԿԱՅԻՆ ՊԱՐՏԱՎՈՐՈՒԹՅՈՒՆՆԵՐԻ ՀԱՇՎԱՌՄԱՆ ԿԱՐԳԸ … partial · 5 pts +4 ann. · no act no.
  [199961] ՄԻՆՉԵՎ 2025Թ. ՉՄԱՐՎԱԾ ՊԱՐՏԱՎՈՐՈՒԹՅՈՒՆՆԵՐԻ ՀԱ … partial · 9 pts +2 ann. · no act no.
  [180531] ՀԱՇՎԱՌՈՒՄԻՑ ՀԱՆԵԼՈՒ ԿԱՐԳԸ (ՀՕԳ 380.1, 381) … partial · 4 pts +5 ann. · no act no.
  [122913] ՈՉ ՌԵԶԻԴԵՆՏԻ ՎՃԱՐԱԾ ՀԱՐԿԻ ՏԵՂԵԿԱՆՔԻ ՁԵՎԸ … partial · 8 pts +4 ann. · no act no.
  [229061] [CONTROL] ՓՈԽՎԱՐՉԱՊԵՏԻ ՈՐՈՇՈՒՄ — ԲԵՌԻ ՆԵՐՄՈՒ … partial · 1 pts · no act no.
  [229087] [CONTROL] ՎԱՐՉԱՊԵՏԻ ՈՐՈՇՈՒՄ — ԱՐՁԱԿՈՒՐԴ … partial · 2 pts · no act no.

Wrote C:\Users\Raf\Desktop\ArmLex\data\audit\audit.md
